// Jest Snapshot v1, https://goo.gl/fbAQLP

exports[`Test TextAnalytics renders snapshot 1`] = `
<div
  className="sc-bdVaJa CARIw"
>
  <p>
    TextAnalytics
  </p>
  <ul>
    <li>
      euTopic:
    </li>
    <li>
      States:
    </li>
  </ul>
</div>
`;
